--------------------------------------------------------------------------------------
Timing Analyzer Summary
--------------------------------------------------------------------------------------

Type           : Worst-case tsu
Slack          : N/A
Required Time  : None
Actual Time    : 14.800 ns
From           : TEMPUP
To             : \CHANGE:FANSPEED_STORAGE[0]
From Clock     : --
To Clock       : CLOCK
Failed Paths   : 0

Type           : Worst-case tco
Slack          : N/A
Required Time  : None
Actual Time    : 11.000 ns
From           : TEMPERATURE[0]~reg0
To             : TEMPERATURE[0]
From Clock     : CLOCK
To Clock       : --
Failed Paths   : 0

Type           : Worst-case th
Slack          : N/A
Required Time  : None
Actual Time    : 0.500 ns
From           : RESET
To             : \CHANGE:TEMPERATURE_STORAGE[3]
From Clock     : --
To Clock       : CLOCK
Failed Paths   : 0

Type           : Clock Setup: 'CLOCK'
Slack          : N/A
Required Time  : None
Actual Time    : 36.10 MHz ( period = 27.700 ns )
From           : \CHANGE:TEMPERATURE_STORAGE[28]
To             : \CHANGE:FANSPEED_STORAGE[0]
From Clock     : CLOCK
To Clock       : CLOCK
Failed Paths   : 0

Type           : Total number of failed paths
Slack          : 
Required Time  : 
Actual Time    : 
From           : 
To             : 
From Clock     : 
To Clock       : 
Failed Paths   : 0

--------------------------------------------------------------------------------------

